// Jest Snapshot v1, https://goo.gl/fbAQLP

exports[`<App /> <App />のスナップショット 1`] = `
<div
  className=""
>
  <h1>
    Hello 
    
  </h1>
  <input
    onChange={[Function]}
    value=""
  />
  <button
    onClick={[Function]}
  >
    送信
  </button>
</div>
`;

exports[`<Input /> <Input />のスナップショット 1`] = `
<input
  onChange={[Function]}
  value="XXX"
/>
`;
